// Jest Snapshot v1, https://goo.gl/fbAQLP

exports[`renders correctly 1`] = `
<div>
  <div
    className="MuiGrid-container-1"
  >
    <div
      className="MuiGrid-item-2 MuiGrid-grid-xs-12-41 MuiGrid-grid-sm-2-45"
    >
      <div />
    </div>
    <div
      className="MuiGrid-item-2 MuiGrid-grid-xs-12-41 MuiGrid-grid-sm-1-44"
    >
       
    </div>
    <div
      className="MuiGrid-item-2 MuiGrid-grid-xs-12-41 MuiGrid-grid-sm-9-52"
    >
      <form
        noValidate={true}
        onSubmit={[Function]}
      >
        <div
          className="MuiGrid-container-1"
        >
          <div
            className="MuiGrid-item-2 MuiGrid-grid-xs-12-41 MuiGrid-grid-sm-2-45"
          >
            <aside
              className="MuiTypography-root-98 MuiTypography-body2-106"
            >
              FirstName
            </aside>
          </div>
          <div
            className="MuiGrid-item-2 MuiGrid-grid-xs-12-41 MuiGrid-grid-sm-6-49"
          >
            <div>
              <div
                style={
                  Object {
                    "display": "flex",
                  }
                }
              >
                <div
                  className="MuiFormControl-root-125 IblisTextFieldBase-textFieldRoot-123 MuiFormControl-fullWidth-128"
                >
                  <div
                    className="MuiInput-root-129 MuiInput-fullWidth-136 MuiInput-formControl-130"
                  >
                    <input
                      aria-invalid={false}
                      autoFocus={false}
                      className="MuiInput-input-137 IblisTextFieldBase-textFieldInput-124"
                      disabled={false}
                      onBlur={[Function]}
                      onChange={[Function]}
                      onFocus={[Function]}
                      required={true}
                      type="text"
                      value="Albert"
                    />
                  </div>
                </div>
                <span
                  className="MuiTypography-root-98 MuiTypography-caption-108 MuiTypography-colorError-122"
                >
                  *
                </span>
              </div>
              <span
                className="MuiTypography-root-98 MuiTypography-caption-108 MuiTypography-colorError-122"
              >
                 
              </span>
            </div>
          </div>
        </div>
        <div
          className="MuiGrid-container-1"
        >
          <div
            className="MuiGrid-item-2 MuiGrid-grid-xs-12-41 MuiGrid-grid-sm-2-45"
          >
            <aside
              className="MuiTypography-root-98 MuiTypography-body2-106"
            >
              LastName
            </aside>
          </div>
          <div
            className="MuiGrid-item-2 MuiGrid-grid-xs-12-41 MuiGrid-grid-sm-6-49"
          >
            <div>
              <div
                style={
                  Object {
                    "display": "flex",
                  }
                }
              >
                <div
                  className="MuiFormControl-root-125 IblisTextFieldBase-textFieldRoot-123 MuiFormControl-fullWidth-128"
                >
                  <div
                    className="MuiInput-root-129 MuiInput-fullWidth-136 MuiInput-formControl-130"
                  >
                    <input
                      aria-invalid={false}
                      autoFocus={false}
                      className="MuiInput-input-137 IblisTextFieldBase-textFieldInput-124"
                      disabled={false}
                      onBlur={[Function]}
                      onChange={[Function]}
                      onFocus={[Function]}
                      required={true}
                      type="text"
                      value="Einstein"
                    />
                  </div>
                </div>
                <span
                  className="MuiTypography-root-98 MuiTypography-caption-108 MuiTypography-colorError-122"
                >
                  *
                </span>
              </div>
              <span
                className="MuiTypography-root-98 MuiTypography-caption-108 MuiTypography-colorError-122"
              >
                 
              </span>
            </div>
          </div>
        </div>
        <div
          className="MuiGrid-container-1"
        >
          <div
            className="MuiGrid-item-2 MuiGrid-grid-xs-12-41 MuiGrid-grid-sm-2-45"
          >
            <aside
              className="MuiTypography-root-98 MuiTypography-body2-106"
            >
              Email
            </aside>
          </div>
          <div
            className="MuiGrid-item-2 MuiGrid-grid-xs-12-41 MuiGrid-grid-sm-6-49"
          >
            <div>
              <div
                style={
                  Object {
                    "display": "flex",
                  }
                }
              >
                <div
                  className="MuiFormControl-root-125 IblisTextFieldBase-textFieldRoot-123 MuiFormControl-fullWidth-128"
                >
                  <div
                    className="MuiInput-root-129 MuiInput-fullWidth-136 MuiInput-formControl-130"
                  >
                    <input
                      aria-invalid={false}
                      autoFocus={false}
                      className="MuiInput-input-137 IblisTextFieldBase-textFieldInput-124"
                      disabled={false}
                      onBlur={[Function]}
                      onChange={[Function]}
                      onFocus={[Function]}
                      required={true}
                      type="text"
                      value="albert@einstein.com"
                    />
                  </div>
                </div>
                <span
                  className="MuiTypography-root-98 MuiTypography-caption-108 MuiTypography-colorError-122"
                >
                  *
                </span>
              </div>
              <span
                className="MuiTypography-root-98 MuiTypography-caption-108 MuiTypography-colorError-122"
              >
                 
              </span>
            </div>
          </div>
        </div>
        <div
          className="MuiGrid-container-1"
        >
          <div
            className="MuiGrid-item-2 MuiGrid-grid-xs-12-41 MuiGrid-grid-sm-2-45"
          >
            <aside
              className="MuiTypography-root-98 MuiTypography-body2-106"
            >
              Language
            </aside>
          </div>
          <div
            className="MuiGrid-item-2 MuiGrid-grid-xs-12-41 MuiGrid-grid-sm-6-49"
          >
            <div>
              <div
                style={
                  Object {
                    "display": "flex",
                  }
                }
              >
                <div
                  className="MuiFormControl-root-125 IblisSelectFieldBase-textFieldRoot-142 MuiFormControl-fullWidth-128"
                >
                  <div
                    className="MuiInput-root-129 MuiInput-fullWidth-136 MuiInput-formControl-130"
                  >
                    <div
                      className="MuiSelect-root-145"
                    >
                      <div
                        aria-haspopup="true"
                        aria-owns={null}
                        aria-pressed="false"
                        className="MuiSelect-select-146 MuiSelect-selectMenu-147 MuiInput-input-137 IblisSelectFieldBase-textFieldInput-143 MuiInput-inputType-140"
                        onBlur={[Function]}
                        onClick={[Function]}
                        onFocus={[Function]}
                        onKeyDown={[Function]}
                        role="button"
                        tabIndex={0}
                      >
                        English
                      </div>
                      <input
                        autoFocus={false}
                        type="hidden"
                        value="en"
                      />
                      <svg
                        aria-hidden="true"
                        className="MuiSvgIcon-root-150 MuiSelect-icon-149 IblisSelectFieldBase-iconSelectTextFieldInput-144"
                        focusable="false"
                        viewBox="0 0 24 24"
                      >
                        <path
                          d="M7 10l5 5 5-5z"
                        />
                      </svg>
                    </div>
                  </div>
                </div>
                <span
                  className="MuiTypography-root-98 MuiTypography-caption-108 MuiTypography-colorError-122"
                >
                  *
                </span>
              </div>
              <span
                className="MuiTypography-root-98 MuiTypography-caption-108 MuiTypography-colorError-122"
              >
                 
              </span>
            </div>
          </div>
        </div>
        <div>
          <div
            style={
              Object {
                "display": "flex",
              }
            }
          >
            <div
              className="MuiFormControl-root-125 IblisTextFieldBase-textFieldRoot-123"
            >
              <div
                className="MuiInput-root-129 MuiInput-formControl-130"
              >
                <input
                  aria-invalid={false}
                  autoFocus={false}
                  className="MuiInput-input-137 IblisTextFieldBase-textFieldInput-124 MuiInput-inputType-140"
                  disabled={false}
                  onBlur={[Function]}
                  onChange={[Function]}
                  onFocus={[Function]}
                  required={false}
                  type="hidden"
                  value="22"
                />
              </div>
            </div>
          </div>
        </div>
        <div
          className="MuiGrid-container-1"
        >
          <div
            className="MuiGrid-item-2 MuiGrid-grid-sm-2-45"
          >
             
          </div>
          <div
            className="MuiGrid-item-2 MuiGrid-grid-xs-12-41 MuiGrid-grid-sm-6-49"
          >
            <button
              className="MuiButtonBase-root-187 MuiButton-root-161 MuiButton-contained-172 MuiButton-containedPrimary-173 MuiButton-raised-175 MuiButton-raisedPrimary-176"
              disabled={false}
              onBlur={[Function]}
              onFocus={[Function]}
              onKeyDown={[Function]}
              onKeyUp={[Function]}
              onMouseDown={[Function]}
              onMouseLeave={[Function]}
              onMouseUp={[Function]}
              onTouchEnd={[Function]}
              onTouchMove={[Function]}
              onTouchStart={[Function]}
              tabIndex="0"
              type="submit"
            >
              <span
                className="MuiButton-label-162"
              >
                Update
              </span>
              <span
                className="MuiTouchRipple-root-190"
              />
            </button>
          </div>
        </div>
      </form>
    </div>
  </div>
</div>
`;
