// Jest Snapshot v1, https://goo.gl/fbAQLP

exports[`renders correctly 1`] = `
<div>
  <div
    className="MuiGrid-container-1"
  >
    <div
      className="MuiGrid-item-2 MuiGrid-grid-xs-12-40 MuiGrid-grid-sm-2-44"
    >
      <div />
    </div>
    <div
      className="MuiGrid-item-2 MuiGrid-grid-xs-12-40 MuiGrid-grid-sm-1-43"
    >
       
    </div>
    <div
      className="MuiGrid-item-2 MuiGrid-grid-xs-12-40 MuiGrid-grid-sm-9-51"
    >
      <form
        noValidate={true}
        onSubmit={[Function]}
      >
        <div
          className="MuiGrid-container-1"
        >
          <div
            className="MuiGrid-item-2 MuiGrid-grid-xs-12-40 MuiGrid-grid-sm-2-44"
          >
            <aside
              className="MuiTypography-root-97 MuiTypography-body2-105"
            >
              FirstName
            </aside>
          </div>
          <div
            className="MuiGrid-item-2 MuiGrid-grid-xs-12-40 MuiGrid-grid-sm-6-48"
          >
            <div>
              <div
                style={
                  Object {
                    "display": "flex",
                  }
                }
              >
                <div
                  className="MuiFormControl-root-123 IblisTextFieldBase-textFieldRoot-121 MuiFormControl-fullWidth-126"
                >
                  <div
                    className="MuiInput-root-127 MuiInput-fullWidth-134 MuiInput-formControl-128"
                  >
                    <input
                      aria-invalid={false}
                      autoFocus={false}
                      className="MuiInput-input-135 IblisTextFieldBase-textFieldInput-122"
                      disabled={false}
                      onBlur={[Function]}
                      onChange={[Function]}
                      onFocus={[Function]}
                      required={true}
                      type="text"
                      value="Albert"
                    />
                  </div>
                </div>
                <span
                  className="MuiTypography-root-97 MuiTypography-caption-107 MuiTypography-colorError-120"
                >
                  *
                </span>
              </div>
              <span
                className="MuiTypography-root-97 MuiTypography-caption-107 MuiTypography-colorError-120"
              >
                 
              </span>
            </div>
          </div>
        </div>
        <div
          className="MuiGrid-container-1"
        >
          <div
            className="MuiGrid-item-2 MuiGrid-grid-xs-12-40 MuiGrid-grid-sm-2-44"
          >
            <aside
              className="MuiTypography-root-97 MuiTypography-body2-105"
            >
              LastName
            </aside>
          </div>
          <div
            className="MuiGrid-item-2 MuiGrid-grid-xs-12-40 MuiGrid-grid-sm-6-48"
          >
            <div>
              <div
                style={
                  Object {
                    "display": "flex",
                  }
                }
              >
                <div
                  className="MuiFormControl-root-123 IblisTextFieldBase-textFieldRoot-121 MuiFormControl-fullWidth-126"
                >
                  <div
                    className="MuiInput-root-127 MuiInput-fullWidth-134 MuiInput-formControl-128"
                  >
                    <input
                      aria-invalid={false}
                      autoFocus={false}
                      className="MuiInput-input-135 IblisTextFieldBase-textFieldInput-122"
                      disabled={false}
                      onBlur={[Function]}
                      onChange={[Function]}
                      onFocus={[Function]}
                      required={true}
                      type="text"
                      value="Einstein"
                    />
                  </div>
                </div>
                <span
                  className="MuiTypography-root-97 MuiTypography-caption-107 MuiTypography-colorError-120"
                >
                  *
                </span>
              </div>
              <span
                className="MuiTypography-root-97 MuiTypography-caption-107 MuiTypography-colorError-120"
              >
                 
              </span>
            </div>
          </div>
        </div>
        <div
          className="MuiGrid-container-1"
        >
          <div
            className="MuiGrid-item-2 MuiGrid-grid-xs-12-40 MuiGrid-grid-sm-2-44"
          >
            <aside
              className="MuiTypography-root-97 MuiTypography-body2-105"
            >
              Email
            </aside>
          </div>
          <div
            className="MuiGrid-item-2 MuiGrid-grid-xs-12-40 MuiGrid-grid-sm-6-48"
          >
            <div>
              <div
                style={
                  Object {
                    "display": "flex",
                  }
                }
              >
                <div
                  className="MuiFormControl-root-123 IblisTextFieldBase-textFieldRoot-121 MuiFormControl-fullWidth-126"
                >
                  <div
                    className="MuiInput-root-127 MuiInput-fullWidth-134 MuiInput-formControl-128"
                  >
                    <input
                      aria-invalid={false}
                      autoFocus={false}
                      className="MuiInput-input-135 IblisTextFieldBase-textFieldInput-122"
                      disabled={false}
                      onBlur={[Function]}
                      onChange={[Function]}
                      onFocus={[Function]}
                      required={true}
                      type="text"
                      value="albert@einstein.com"
                    />
                  </div>
                </div>
                <span
                  className="MuiTypography-root-97 MuiTypography-caption-107 MuiTypography-colorError-120"
                >
                  *
                </span>
              </div>
              <span
                className="MuiTypography-root-97 MuiTypography-caption-107 MuiTypography-colorError-120"
              >
                 
              </span>
            </div>
          </div>
        </div>
        <div
          className="MuiGrid-container-1"
        >
          <div
            className="MuiGrid-item-2 MuiGrid-grid-xs-12-40 MuiGrid-grid-sm-2-44"
          >
            <aside
              className="MuiTypography-root-97 MuiTypography-body2-105"
            >
              Language
            </aside>
          </div>
          <div
            className="MuiGrid-item-2 MuiGrid-grid-xs-12-40 MuiGrid-grid-sm-6-48"
          >
            <div>
              <div
                style={
                  Object {
                    "display": "flex",
                  }
                }
              >
                <div
                  className="MuiFormControl-root-123 IblisSelectFieldBase-textFieldRoot-140 MuiFormControl-fullWidth-126"
                >
                  <div
                    className="MuiInput-root-127 MuiInput-fullWidth-134 MuiInput-formControl-128"
                  >
                    <div
                      className="MuiSelect-root-143"
                    >
                      <div
                        aria-haspopup="true"
                        aria-owns={null}
                        aria-pressed="false"
                        className="MuiSelect-select-144 MuiSelect-selectMenu-145 MuiInput-input-135 IblisSelectFieldBase-textFieldInput-141 MuiInput-inputType-138"
                        onBlur={[Function]}
                        onClick={[Function]}
                        onFocus={[Function]}
                        onKeyDown={[Function]}
                        role="button"
                        tabIndex={0}
                      >
                        English
                      </div>
                      <input
                        autoFocus={false}
                        type="hidden"
                        value="en"
                      />
                      <svg
                        aria-hidden="true"
                        className="MuiSvgIcon-root-148 MuiSelect-icon-147 IblisSelectFieldBase-iconSelectTextFieldInput-142"
                        focusable="false"
                        viewBox="0 0 24 24"
                      >
                        <path
                          d="M7 10l5 5 5-5z"
                        />
                      </svg>
                    </div>
                  </div>
                </div>
                <span
                  className="MuiTypography-root-97 MuiTypography-caption-107 MuiTypography-colorError-120"
                >
                  *
                </span>
              </div>
              <span
                className="MuiTypography-root-97 MuiTypography-caption-107 MuiTypography-colorError-120"
              >
                 
              </span>
            </div>
          </div>
        </div>
        <div>
          <div
            style={
              Object {
                "display": "flex",
              }
            }
          >
            <div
              className="MuiFormControl-root-123 IblisTextFieldBase-textFieldRoot-121"
            >
              <div
                className="MuiInput-root-127 MuiInput-formControl-128"
              >
                <input
                  aria-invalid={false}
                  autoFocus={false}
                  className="MuiInput-input-135 IblisTextFieldBase-textFieldInput-122 MuiInput-inputType-138"
                  disabled={false}
                  onBlur={[Function]}
                  onChange={[Function]}
                  onFocus={[Function]}
                  type="hidden"
                  value="22"
                />
              </div>
            </div>
          </div>
        </div>
        <div
          className="MuiGrid-container-1"
        >
          <div
            className="MuiGrid-item-2 MuiGrid-grid-sm-2-44"
          >
             
          </div>
          <div
            className="MuiGrid-item-2 MuiGrid-grid-xs-12-40 MuiGrid-grid-sm-6-48"
          >
            <button
              className="MuiButtonBase-root-183 MuiButton-root-159 MuiButton-contained-168 MuiButton-containedPrimary-169 MuiButton-raised-171 MuiButton-raisedPrimary-172"
              disabled={false}
              onBlur={[Function]}
              onFocus={[Function]}
              onKeyDown={[Function]}
              onKeyUp={[Function]}
              onMouseDown={[Function]}
              onMouseLeave={[Function]}
              onMouseUp={[Function]}
              onTouchEnd={[Function]}
              onTouchMove={[Function]}
              onTouchStart={[Function]}
              tabIndex="0"
              type="submit"
            >
              <span
                className="MuiButton-label-160"
              >
                Update
              </span>
              <span
                className="MuiTouchRipple-root-186"
              />
            </button>
          </div>
        </div>
      </form>
    </div>
  </div>
</div>
`;
